[wowthemez.com/templates/thinny/index.html]
[backblue.gif]
[fade.gif]
[index.html]
[wowthemez.com/templates/thinny/img/favicon.png]
[wowthemez.com/templates/thinny/css/font-awesome.min.css]
[wowthemez.com/templates/thinny/css/elegant-font-icons.css]
[wowthemez.com/templates/thinny/css/elegant-line-icons.css]
[wowthemez.com/templates/thinny/css/bootstrap.min.css]
[wowthemez.com/templates/thinny/css/animate.min.css]
[wowthemez.com/templates/thinny/css/venobox/venobox.css]
[wowthemez.com/templates/thinny/css/owl.carousel.css]
[wowthemez.com/templates/thinny/css/main.css]
[wowthemez.com/templates/thinny/css/menu.css]
[wowthemez.com/templates/thinny/css/responsive.css]
[wowthemez.com/templates/thinny/js/vendor/modernizr-2.8.3-respond-1.4.2.min.js]
[wowthemez.com/templates/thinny/img/logo-dark.png]
[wowthemez.com/templates/thinny/img/icon-1.png]
[wowthemez.com/templates/thinny/img/icon-2.png]
[wowthemez.com/templates/thinny/img/icon-3.png]
[wowthemez.com/templates/thinny/img/icon-4.png]
[wowthemez.com/templates/thinny/img/icon-5.png]
[wowthemez.com/templates/thinny/img/icon-6.png]
[wowthemez.com/templates/thinny/img/work-1.jpg]
[wowthemez.com/templates/thinny/img/zoom.png]
[wowthemez.com/templates/thinny/img/work-2.jpg]
[wowthemez.com/templates/thinny/img/work-3.jpg]
[wowthemez.com/templates/thinny/img/work-4.jpg]
[wowthemez.com/templates/thinny/img/work-5.jpg]
[wowthemez.com/templates/thinny/img/work-6.jpg]
[wowthemez.com/templates/thinny/js/vendor/imagesloaded.pkgd.min.js]
[wowthemez.com/templates/thinny/js/vendor/bootstrap.min.js]
[wowthemez.com/templates/thinny/js/vendor/owl.carousel.min.js]
[wowthemez.com/templates/thinny/js/vendor/smooth-scroll.min.js]
[wowthemez.com/templates/thinny/js/vendor/jquery-1.12.4.min.js]
[wowthemez.com/templates/thinny/js/vendor/jquery.isotope.v3.0.2.js]
[wowthemez.com/templates/thinny/js/vendor/typed.min.js]
[wowthemez.com/templates/thinny/js/vendor/jquery.nicescroll.min.js]
[wowthemez.com/templates/thinny/js/vendor/venobox.min.js]
[wowthemez.com/templates/thinny/js/contact.js]
[wowthemez.com/templates/thinny/index.html]
[wowthemez.com/templates/thinny/js/main.js]
[wowthemez.com/templates/thinny/fonts/fontawesome-webfont3e6e.eot]
[wowthemez.com/templates/thinny/fonts/fontawesome-webfontd41d.eot]
[wowthemez.com/templates/thinny/fonts/fontawesome-webfont3e6e.woff]
[wowthemez.com/templates/thinny/fonts/fontawesome-webfont3e6e.woff2]
[wowthemez.com/templates/thinny/fonts/fontawesome-webfont3e6e.ttf]
[wowthemez.com/templates/thinny/css/font-awesome.min.css]
[wowthemez.com/templates/thinny/fonts/ElegantIcons.eot]
[wowthemez.com/templates/thinny/fonts/ElegantIcons.woff]
[wowthemez.com/templates/thinny/fonts/ElegantIconsd41d.eot]
[wowthemez.com/templates/thinny/fonts/ElegantIcons.ttf]
[wowthemez.com/templates/thinny/css/elegant-font-icons.css]
[wowthemez.com/templates/thinny/fonts/et-line.eot]
[wowthemez.com/templates/thinny/fonts/et-line.woff]
[wowthemez.com/templates/thinny/fonts/et-lined41d.eot]
[wowthemez.com/templates/thinny/fonts/et-line.ttf]
[wowthemez.com/templates/thinny/css/elegant-line-icons.css]
[wowthemez.com/templates/thinny/fonts/glyphicons-halflings-regular.eot]
[wowthemez.com/templates/thinny/fonts/glyphicons-halflings-regular.woff]
[wowthemez.com/templates/thinny/fonts/glyphicons-halflings-regulard41d.eot]
[wowthemez.com/templates/thinny/fonts/glyphicons-halflings-regular.ttf]
[wowthemez.com/templates/thinny/css/bootstrap.min.css]
[wowthemez.com/templates/thinny/css/animate.min.css]
[wowthemez.com/templates/thinny/css/venobox/preload-circle.png]
[wowthemez.com/templates/thinny/css/venobox/close.gif]
[wowthemez.com/templates/thinny/css/venobox/prev.gif]
[wowthemez.com/templates/thinny/css/venobox/next.gif]
[wowthemez.com/templates/thinny/css/venobox/venobox.css]
[wowthemez.com/templates/thinny/css/owl.video.play.png]
[wowthemez.com/templates/thinny/css/owl.carousel.css]
[wowthemez.com/templates/thinny/img/hero-image.jpg]
[wowthemez.com/templates/thinny/img/profile-image.jpg]
[wowthemez.com/templates/thinny/css/main.css]
[wowthemez.com/templates/thinny/css/menu.css]
[wowthemez.com/templates/thinny/css/responsive.css]
[wowthemez.com/templates/thinny/img/three-dots.svg]
[wowthemez.com/templates/thinny/fonts/fontawesome-webfont3e6e.svg]
[wowthemez.com/templates/thinny/fonts/ElegantIcons.svg]
[wowthemez.com/templates/thinny/fonts/et-line.svg]
[wowthemez.com/templates/thinny/fonts/glyphicons-halflings-regular.svg]
[wowthemez.com/templates/thinny/css/owl.video.play.html]
